../Core/Src/main.c:87:5:main	8	static
../Core/Src/main.c:154:6:SystemClock_Config	88	static
../Core/Src/main.c:200:13:MX_TIM1_Init	96	static
../Core/Src/main.c:279:13:MX_TIM3_Init	56	static
../Core/Src/main.c:328:13:MX_USART2_UART_Init	8	static
../Core/Src/main.c:361:13:MX_GPIO_Init	48	static
../Core/Src/main.c:394:6:PositionUpdate	4	static
../Core/Src/main.c:409:6:PIDController	16	static
../Core/Src/main.c:423:6:DriveMotor	4	static
../Core/Src/main.c:451:6:Error_Handler	4	static,ignoring_inline_asm
